// Jest Snapshot v1, https://goo.gl/fbAQLP

exports[`Page GameScene matches snapshot 1`] = `
<canvas
  class="canvas"
/>
`;
